[INFO] Scanning for projects...
[INFO] 
[INFO] ------------------< com.university:universitysystem >-------------------
[INFO] Building universitysystem 1.0-SNAPSHOT
[INFO]   from pom.xml
[INFO] --------------------------------[ jar ]---------------------------------
[INFO] 
[INFO] >>> javafx:0.0.8:run (default-cli) > process-classes @ universitysystem >>>
[WARNING] 6 problems were encountered while building the effective model for org.openjfx:javafx-controls:jar:21 during dependency collection step for project (use -X to see details)
[INFO] 
[INFO] --- resources:3.4.0:resources (default-resources) @ universitysystem ---
[INFO] Copying 31 resources from src\main\resources to target\classes
[INFO] 
[INFO] --- compiler:3.11.0:compile (default-compile) @ universitysystem ---
[INFO] Nothing to compile - all classes are up to date
[INFO] 
[INFO] <<< javafx:0.0.8:run (default-cli) < process-classes @ universitysystem <<<
[INFO] 
[INFO] 
[INFO] --- javafx:0.0.8:run (default-cli) @ universitysystem ---
SLF4J: Failed to load class "org.slf4j.impl.StaticLoggerBinder".
SLF4J: Defaulting to no-operation (NOP) logger implementation
SLF4J: See http://www.slf4j.org/codes.html#StaticLoggerBinder for further details.
Aug 05, 2026 12:01:46 AM javafx.css.CssParser declaration
WARNING: CSS Error parsing file:/C:/Users/Admin/Desktop/universitysystem/target/classes/css/app.css: Unexpected function 'gaussianblur(' while parsing '-fx-effect' at [57,16]
[INFO] ------------------------------------------------------------------------
[INFO] BUILD SUCCESS
[INFO] ------------------------------------------------------------------------
[INFO] Total time:  34:36 min
[INFO] Finished at: 2026-08-05T00:36:17+03:00
[INFO] ------------------------------------------------------------------------
